
AVRASM ver. 2.1.30  E:\aaaaaaa\CahRahAr\Praktikum5BKPM\percobaan3\List\percobaan1.asm Wed Apr 11 10:11:25 2018

E:\aaaaaaa\CahRahAr\Praktikum5BKPM\percobaan3\List\percobaan1.asm(1072): warning: Register r4 already defined by the .DEF directive
E:\aaaaaaa\CahRahAr\Praktikum5BKPM\percobaan3\List\percobaan1.asm(1073): warning: Register r7 already defined by the .DEF directive
E:\aaaaaaa\CahRahAr\Praktikum5BKPM\percobaan3\List\percobaan1.asm(1074): warning: Register r6 already defined by the .DEF directive
E:\aaaaaaa\CahRahAr\Praktikum5BKPM\percobaan3\List\percobaan1.asm(1075): warning: Register r9 already defined by the .DEF directive
                 
                 
                 ;CodeVisionAVR C Compiler V2.05.3 Standard
                 ;(C) Copyright 1998-2011 Pavel Haiduc, HP InfoTech s.r.l.
                 ;http://www.hpinfotech.com
                 
                 ;Chip type                : ATmega16
                 ;Program type             : Application
                 ;Clock frequency          : 11,059200 MHz
                 ;Memory model             : Small
                 ;Optimize for             : Size
                 ;(s)printf features       : int, width
                 ;(s)scanf features        : int, width
                 ;External RAM size        : 0
                 ;Data Stack size          : 256 byte(s)
                 ;Heap size                : 0 byte(s)
                 ;Promote 'char' to 'int'  : Yes
                 ;'char' is unsigned       : Yes
                 ;8 bit enums              : Yes
                 ;Global 'const' stored in FLASH     : No
                 ;Enhanced function parameter passing: Yes
                 ;Enhanced core instructions         : On
                 ;Smart register allocation          : On
                 ;Automatic register allocation      : On
                 
                 	#pragma AVRPART ADMIN PART_NAME ATmega16
                 	#pragma AVRPART MEMORY PROG_FLASH 16384
                 	#pragma AVRPART MEMORY EEPROM 512
                 	#pragma AVRPART MEMORY INT_SRAM SIZE 1119
                 	#pragma AVRPART MEMORY INT_SRAM START_ADDR 0x60
                 
                 	#define CALL_SUPPORTED 1
                 
                 	.LISTMAC
                 	.EQU UDRE=0x5
                 	.EQU RXC=0x7
                 	.EQU USR=0xB
                 	.EQU UDR=0xC
                 	.EQU SPSR=0xE
                 	.EQU SPDR=0xF
                 	.EQU EERE=0x0
                 	.EQU EEWE=0x1
                 	.EQU EEMWE=0x2
                 	.EQU EECR=0x1C
                 	.EQU EEDR=0x1D
                 	.EQU EEARL=0x1E
                 	.EQU EEARH=0x1F
                 	.EQU WDTCR=0x21
                 	.EQU MCUCR=0x35
                 	.EQU GICR=0x3B
                 	.EQU SPL=0x3D
                 	.EQU SPH=0x3E
                 	.EQU SREG=0x3F
                 
                 	.DEF R0X0=R0
                 	.DEF R0X1=R1
                 	.DEF R0X2=R2
                 	.DEF R0X3=R3
                 	.DEF R0X4=R4
                 	.DEF R0X5=R5
                 	.DEF R0X6=R6
                 	.DEF R0X7=R7
                 	.DEF R0X8=R8
                 	.DEF R0X9=R9
                 	.DEF R0XA=R10
                 	.DEF R0XB=R11
                 	.DEF R0XC=R12
                 	.DEF R0XD=R13
                 	.DEF R0XE=R14
                 	.DEF R0XF=R15
                 	.DEF R0X10=R16
                 	.DEF R0X11=R17
                 	.DEF R0X12=R18
                 	.DEF R0X13=R19
                 	.DEF R0X14=R20
                 	.DEF R0X15=R21
                 	.DEF R0X16=R22
                 	.DEF R0X17=R23
                 	.DEF R0X18=R24
                 	.DEF R0X19=R25
                 	.DEF R0X1A=R26
                 	.DEF R0X1B=R27
                 	.DEF R0X1C=R28
                 	.DEF R0X1D=R29
                 	.DEF R0X1E=R30
                 	.DEF R0X1F=R31
                 
                 	.EQU __SRAM_START=0x0060
                 	.EQU __SRAM_END=0x045F
                 	.EQU __DSTACK_SIZE=0x0100
                 	.EQU __HEAP_SIZE=0x0000
                 	.EQU __CLEAR_SRAM_SIZE=__SRAM_END-__SRAM_START+1
                 
                 	.MACRO __CPD1N
                 	CPI  R30,LOW(@0)
                 	LDI  R26,HIGH(@0)
                 	CPC  R31,R26
                 	LDI  R26,BYTE3(@0)
                 	CPC  R22,R26
                 	LDI  R26,BYTE4(@0)
                 	CPC  R23,R26
                 	.ENDM
                 
                 	.MACRO __CPD2N
                 	CPI  R26,LOW(@0)
                 	LDI  R30,HIGH(@0)
                 	CPC  R27,R30
                 	LDI  R30,BYTE3(@0)
                 	CPC  R24,R30
                 	LDI  R30,BYTE4(@0)
                 	CPC  R25,R30
                 	.ENDM
                 
                 	.MACRO __CPWRR
                 	CP   R@0,R@2
                 	CPC  R@1,R@3
                 	.ENDM
                 
                 	.MACRO __CPWRN
                 	CPI  R@0,LOW(@2)
                 	LDI  R30,HIGH(@2)
                 	CPC  R@1,R30
                 	.ENDM
                 
                 	.MACRO __ADDB1MN
                 	SUBI R30,LOW(-@0-(@1))
                 	.ENDM
                 
                 	.MACRO __ADDB2MN
                 	SUBI R26,LOW(-@0-(@1))
                 	.ENDM
                 
                 	.MACRO __ADDW1MN
                 	SUBI R30,LOW(-@0-(@1))
                 	SBCI R31,HIGH(-@0-(@1))
                 	.ENDM
                 
                 	.MACRO __ADDW2MN
                 	SUBI R26,LOW(-@0-(@1))
                 	SBCI R27,HIGH(-@0-(@1))
                 	.ENDM
                 
                 	.MACRO __ADDW1FN
                 	SUBI R30,LOW(-2*@0-(@1))
                 	SBCI R31,HIGH(-2*@0-(@1))
                 	.ENDM
                 
                 	.MACRO __ADDD1FN
                 	SUBI R30,LOW(-2*@0-(@1))
                 	SBCI R31,HIGH(-2*@0-(@1))
                 	SBCI R22,BYTE3(-2*@0-(@1))
                 	.ENDM
                 
                 	.MACRO __ADDD1N
                 	SUBI R30,LOW(-@0)
                 	SBCI R31,HIGH(-@0)
                 	SBCI R22,BYTE3(-@0)
                 	SBCI R23,BYTE4(-@0)
                 	.ENDM
                 
                 	.MACRO __ADDD2N
                 	SUBI R26,LOW(-@0)
                 	SBCI R27,HIGH(-@0)
                 	SBCI R24,BYTE3(-@0)
                 	SBCI R25,BYTE4(-@0)
                 	.ENDM
                 
                 	.MACRO __SUBD1N
                 	SUBI R30,LOW(@0)
                 	SBCI R31,HIGH(@0)
                 	SBCI R22,BYTE3(@0)
                 	SBCI R23,BYTE4(@0)
                 	.ENDM
                 
                 	.MACRO __SUBD2N
                 	SUBI R26,LOW(@0)
                 	SBCI R27,HIGH(@0)
                 	SBCI R24,BYTE3(@0)
                 	SBCI R25,BYTE4(@0)
                 	.ENDM
                 
                 	.MACRO __ANDBMNN
                 	LDS  R30,@0+(@1)
                 	ANDI R30,LOW(@2)
                 	STS  @0+(@1),R30
                 	.ENDM
                 
                 	.MACRO __ANDWMNN
                 	LDS  R30,@0+(@1)
                 	ANDI R30,LOW(@2)
                 	STS  @0+(@1),R30
                 	LDS  R30,@0+(@1)+1
                 	ANDI R30,HIGH(@2)
                 	STS  @0+(@1)+1,R30
                 	.ENDM
                 
                 	.MACRO __ANDD1N
                 	ANDI R30,LOW(@0)
                 	ANDI R31,HIGH(@0)
                 	ANDI R22,BYTE3(@0)
                 	ANDI R23,BYTE4(@0)
                 	.ENDM
                 
                 	.MACRO __ANDD2N
                 	ANDI R26,LOW(@0)
                 	ANDI R27,HIGH(@0)
                 	ANDI R24,BYTE3(@0)
                 	ANDI R25,BYTE4(@0)
                 	.ENDM
                 
                 	.MACRO __ORBMNN
                 	LDS  R30,@0+(@1)
                 	ORI  R30,LOW(@2)
                 	STS  @0+(@1),R30
                 	.ENDM
                 
                 	.MACRO __ORWMNN
                 	LDS  R30,@0+(@1)
                 	ORI  R30,LOW(@2)
                 	STS  @0+(@1),R30
                 	LDS  R30,@0+(@1)+1
                 	ORI  R30,HIGH(@2)
                 	STS  @0+(@1)+1,R30
                 	.ENDM
                 
                 	.MACRO __ORD1N
                 	ORI  R30,LOW(@0)
                 	ORI  R31,HIGH(@0)
                 	ORI  R22,BYTE3(@0)
                 	ORI  R23,BYTE4(@0)
                 	.ENDM
                 
                 	.MACRO __ORD2N
                 	ORI  R26,LOW(@0)
                 	ORI  R27,HIGH(@0)
                 	ORI  R24,BYTE3(@0)
                 	ORI  R25,BYTE4(@0)
                 	.ENDM
                 
                 	.MACRO __DELAY_USB
                 	LDI  R24,LOW(@0)
                 __DELAY_USB_LOOP:
                 	DEC  R24
                 	BRNE __DELAY_USB_LOOP
                 	.ENDM
                 
                 	.MACRO __DELAY_USW
                 	LDI  R24,LOW(@0)
                 	LDI  R25,HIGH(@0)
                 __DELAY_USW_LOOP:
                 	SBIW R24,1
                 	BRNE __DELAY_USW_LOOP
                 	.ENDM
                 
                 	.MACRO __GETD1S
                 	LDD  R30,Y+@0
                 	LDD  R31,Y+@0+1
                 	LDD  R22,Y+@0+2
                 	LDD  R23,Y+@0+3
                 	.ENDM
                 
                 	.MACRO __GETD2S
                 	LDD  R26,Y+@0
                 	LDD  R27,Y+@0+1
                 	LDD  R24,Y+@0+2
                 	LDD  R25,Y+@0+3
                 	.ENDM
                 
                 	.MACRO __PUTD1S
                 	STD  Y+@0,R30
                 	STD  Y+@0+1,R31
                 	STD  Y+@0+2,R22
                 	STD  Y+@0+3,R23
                 	.ENDM
                 
                 	.MACRO __PUTD2S
                 	STD  Y+@0,R26
                 	STD  Y+@0+1,R27
                 	STD  Y+@0+2,R24
                 	STD  Y+@0+3,R25
                 	.ENDM
                 
                 	.MACRO __PUTDZ2
                 	STD  Z+@0,R26
                 	STD  Z+@0+1,R27
                 	STD  Z+@0+2,R24
                 	STD  Z+@0+3,R25
                 	.ENDM
                 
                 	.MACRO __CLRD1S
                 	STD  Y+@0,R30
                 	STD  Y+@0+1,R30
                 	STD  Y+@0+2,R30
                 	STD  Y+@0+3,R30
                 	.ENDM
                 
                 	.MACRO __POINTB1MN
                 	LDI  R30,LOW(@0+(@1))
                 	.ENDM
                 
                 	.MACRO __POINTW1MN
                 	LDI  R30,LOW(@0+(@1))
                 	LDI  R31,HIGH(@0+(@1))
                 	.ENDM
                 
                 	.MACRO __POINTD1M
                 	LDI  R30,LOW(@0)
                 	LDI  R31,HIGH(@0)
                 	LDI  R22,BYTE3(@0)
                 	LDI  R23,BYTE4(@0)
                 	.ENDM
                 
                 	.MACRO __POINTW1FN
                 	LDI  R30,LOW(2*@0+(@1))
                 	LDI  R31,HIGH(2*@0+(@1))
                 	.ENDM
                 
                 	.MACRO __POINTD1FN
                 	LDI  R30,LOW(2*@0+(@1))
                 	LDI  R31,HIGH(2*@0+(@1))
                 	LDI  R22,BYTE3(2*@0+(@1))
                 	LDI  R23,BYTE4(2*@0+(@1))
                 	.ENDM
                 
                 	.MACRO __POINTB2MN
                 	LDI  R26,LOW(@0+(@1))
                 	.ENDM
                 
                 	.MACRO __POINTW2MN
                 	LDI  R26,LOW(@0+(@1))
                 	LDI  R27,HIGH(@0+(@1))
                 	.ENDM
                 
                 	.MACRO __POINTW2FN
                 	LDI  R26,LOW(2*@0+(@1))
                 	LDI  R27,HIGH(2*@0+(@1))
                 	.ENDM
                 
                 	.MACRO __POINTD2FN
                 	LDI  R26,LOW(2*@0+(@1))
                 	LDI  R27,HIGH(2*@0+(@1))
                 	LDI  R24,BYTE3(2*@0+(@1))
                 	LDI  R25,BYTE4(2*@0+(@1))
                 	.ENDM
                 
                 	.MACRO __POINTBRM
                 	LDI  R@0,LOW(@1)
                 	.ENDM
                 
                 	.MACRO __POINTWRM
                 	LDI  R@0,LOW(@2)
                 	LDI  R@1,HIGH(@2)
                 	.ENDM
                 
                 	.MACRO __POINTBRMN
                 	LDI  R@0,LOW(@1+(@2))
                 	.ENDM
                 
                 	.MACRO __POINTWRMN
                 	LDI  R@0,LOW(@2+(@3))
                 	LDI  R@1,HIGH(@2+(@3))
                 	.ENDM
                 
                 	.MACRO __POINTWRFN
                 	LDI  R@0,LOW(@2*2+(@3))
                 	LDI  R@1,HIGH(@2*2+(@3))
                 	.ENDM
                 
                 	.MACRO __GETD1N
                 	LDI  R30,LOW(@0)
                 	LDI  R31,HIGH(@0)
                 	LDI  R22,BYTE3(@0)
                 	LDI  R23,BYTE4(@0)
                 	.ENDM
                 
                 	.MACRO __GETD2N
                 	LDI  R26,LOW(@0)
                 	LDI  R27,HIGH(@0)
                 	LDI  R24,BYTE3(@0)
                 	LDI  R25,BYTE4(@0)
                 	.ENDM
                 
                 	.MACRO __GETB1MN
                 	LDS  R30,@0+(@1)
                 	.ENDM
                 
                 	.MACRO __GETB1HMN
                 	LDS  R31,@0+(@1)
                 	.ENDM
                 
                 	.MACRO __GETW1MN
                 	LDS  R30,@0+(@1)
                 	LDS  R31,@0+(@1)+1
                 	.ENDM
                 
                 	.MACRO __GETD1MN
                 	LDS  R30,@0+(@1)
                 	LDS  R31,@0+(@1)+1
                 	LDS  R22,@0+(@1)+2
                 	LDS  R23,@0+(@1)+3
                 	.ENDM
                 
                 	.MACRO __GETBRMN
                 	LDS  R@0,@1+(@2)
                 	.ENDM
                 
                 	.MACRO __GETWRMN
                 	LDS  R@0,@2+(@3)
                 	LDS  R@1,@2+(@3)+1
                 	.ENDM
                 
                 	.MACRO __GETWRZ
                 	LDD  R@0,Z+@2
                 	LDD  R@1,Z+@2+1
                 	.ENDM
                 
                 	.MACRO __GETD2Z
                 	LDD  R26,Z+@0
                 	LDD  R27,Z+@0+1
                 	LDD  R24,Z+@0+2
                 	LDD  R25,Z+@0+3
                 	.ENDM
                 
                 	.MACRO __GETB2MN
                 	LDS  R26,@0+(@1)
                 	.ENDM
                 
                 	.MACRO __GETW2MN
                 	LDS  R26,@0+(@1)
                 	LDS  R27,@0+(@1)+1
                 	.ENDM
                 
                 	.MACRO __GETD2MN
                 	LDS  R26,@0+(@1)
                 	LDS  R27,@0+(@1)+1
                 	LDS  R24,@0+(@1)+2
                 	LDS  R25,@0+(@1)+3
                 	.ENDM
                 
                 	.MACRO __PUTB1MN
                 	STS  @0+(@1),R30
                 	.ENDM
                 
                 	.MACRO __PUTW1MN
                 	STS  @0+(@1),R30
                 	STS  @0+(@1)+1,R31
                 	.ENDM
                 
                 	.MACRO __PUTD1MN
                 	STS  @0+(@1),R30
                 	STS  @0+(@1)+1,R31
                 	STS  @0+(@1)+2,R22
                 	STS  @0+(@1)+3,R23
                 	.ENDM
                 
                 	.MACRO __PUTB1EN
                 	LDI  R26,LOW(@0+(@1))
                 	LDI  R27,HIGH(@0+(@1))
                 	CALL __EEPROMWRB
                 	.ENDM
                 
                 	.MACRO __PUTW1EN
                 	LDI  R26,LOW(@0+(@1))
                 	LDI  R27,HIGH(@0+(@1))
                 	CALL __EEPROMWRW
                 	.ENDM
                 
                 	.MACRO __PUTD1EN
                 	LDI  R26,LOW(@0+(@1))
                 	LDI  R27,HIGH(@0+(@1))
                 	CALL __EEPROMWRD
                 	.ENDM
                 
                 	.MACRO __PUTBR0MN
                 	STS  @0+(@1),R0
                 	.ENDM
                 
                 	.MACRO __PUTBMRN
                 	STS  @0+(@1),R@2
                 	.ENDM
                 
                 	.MACRO __PUTWMRN
                 	STS  @0+(@1),R@2
                 	STS  @0+(@1)+1,R@3
                 	.ENDM
                 
                 	.MACRO __PUTBZR
                 	STD  Z+@1,R@0
                 	.ENDM
                 
                 	.MACRO __PUTWZR
                 	STD  Z+@2,R@0
                 	STD  Z+@2+1,R@1
                 	.ENDM
                 
                 	.MACRO __GETW1R
                 	MOV  R30,R@0
                 	MOV  R31,R@1
                 	.ENDM
                 
                 	.MACRO __GETW2R
                 	MOV  R26,R@0
                 	MOV  R27,R@1
                 	.ENDM
                 
                 	.MACRO __GETWRN
                 	LDI  R@0,LOW(@2)
                 	LDI  R@1,HIGH(@2)
                 	.ENDM
                 
                 	.MACRO __PUTW1R
                 	MOV  R@0,R30
                 	MOV  R@1,R31
                 	.ENDM
                 
                 	.MACRO __PUTW2R
                 	MOV  R@0,R26
                 	MOV  R@1,R27
                 	.ENDM
                 
                 	.MACRO __ADDWRN
                 	SUBI R@0,LOW(-@2)
                 	SBCI R@1,HIGH(-@2)
                 	.ENDM
                 
                 	.MACRO __ADDWRR
                 	ADD  R@0,R@2
                 	ADC  R@1,R@3
                 	.ENDM
                 
                 	.MACRO __SUBWRN
                 	SUBI R@0,LOW(@2)
                 	SBCI R@1,HIGH(@2)
                 	.ENDM
                 
                 	.MACRO __SUBWRR
                 	SUB  R@0,R@2
                 	SBC  R@1,R@3
                 	.ENDM
                 
                 	.MACRO __ANDWRN
                 	ANDI R@0,LOW(@2)
                 	ANDI R@1,HIGH(@2)
                 	.ENDM
                 
                 	.MACRO __ANDWRR
                 	AND  R@0,R@2
                 	AND  R@1,R@3
                 	.ENDM
                 
                 	.MACRO __ORWRN
                 	ORI  R@0,LOW(@2)
                 	ORI  R@1,HIGH(@2)
                 	.ENDM
                 
                 	.MACRO __ORWRR
                 	OR   R@0,R@2
                 	OR   R@1,R@3
                 	.ENDM
                 
                 	.MACRO __EORWRR
                 	EOR  R@0,R@2
                 	EOR  R@1,R@3
                 	.ENDM
                 
                 	.MACRO __GETWRS
                 	LDD  R@0,Y+@2
                 	LDD  R@1,Y+@2+1
                 	.ENDM
                 
                 	.MACRO __PUTBSR
                 	STD  Y+@1,R@0
                 	.ENDM
                 
                 	.MACRO __PUTWSR
                 	STD  Y+@2,R@0
                 	STD  Y+@2+1,R@1
                 	.ENDM
                 
                 	.MACRO __MOVEWRR
                 	MOV  R@0,R@2
                 	MOV  R@1,R@3
                 	.ENDM
                 
                 	.MACRO __INWR
                 	IN   R@0,@2
                 	IN   R@1,@2+1
                 	.ENDM
                 
                 	.MACRO __OUTWR
                 	OUT  @2+1,R@1
                 	OUT  @2,R@0
                 	.ENDM
                 
                 	.MACRO __CALL1MN
                 	LDS  R30,@0+(@1)
                 	LDS  R31,@0+(@1)+1
                 	ICALL
                 	.ENDM
                 
                 	.MACRO __CALL1FN
                 	LDI  R30,LOW(2*@0+(@1))
                 	LDI  R31,HIGH(2*@0+(@1))
                 	CALL __GETW1PF
                 	ICALL
                 	.ENDM
                 
                 	.MACRO __CALL2EN
                 	LDI  R26,LOW(@0+(@1))
                 	LDI  R27,HIGH(@0+(@1))
                 	CALL __EEPROMRDW
                 	ICALL
                 	.ENDM
                 
                 	.MACRO __GETW1STACK
                 	IN   R26,SPL
                 	IN   R27,SPH
                 	ADIW R26,@0+1
                 	LD   R30,X+
                 	LD   R31,X
                 	.ENDM
                 
                 	.MACRO __GETD1STACK
                 	IN   R26,SPL
                 	IN   R27,SPH
                 	ADIW R26,@0+1
                 	LD   R30,X+
                 	LD   R31,X+
                 	LD   R22,X
                 	.ENDM
                 
                 	.MACRO __NBST
                 	BST  R@0,@1
                 	IN   R30,SREG
                 	LDI  R31,0x40
                 	EOR  R30,R31
                 	OUT  SREG,R30
                 	.ENDM
                 
                 
                 	.MACRO __PUTB1SN
                 	LDD  R26,Y+@0
                 	LDD  R27,Y+@0+1
                 	SUBI R26,LOW(-@1)
                 	SBCI R27,HIGH(-@1)
                 	ST   X,R30
                 	.ENDM
                 
                 	.MACRO __PUTW1SN
                 	LDD  R26,Y+@0
                 	LDD  R27,Y+@0+1
                 	SUBI R26,LOW(-@1)
                 	SBCI R27,HIGH(-@1)
                 	ST   X+,R30
                 	ST   X,R31
                 	.ENDM
                 
                 	.MACRO __PUTD1SN
                 	LDD  R26,Y+@0
                 	LDD  R27,Y+@0+1
                 	SUBI R26,LOW(-@1)
                 	SBCI R27,HIGH(-@1)
                 	CALL __PUTDP1
                 	.ENDM
                 
                 	.MACRO __PUTB1SNS
                 	LDD  R26,Y+@0
                 	LDD  R27,Y+@0+1
                 	ADIW R26,@1
                 	ST   X,R30
                 	.ENDM
                 
                 	.MACRO __PUTW1SNS
                 	LDD  R26,Y+@0
                 	LDD  R27,Y+@0+1
                 	ADIW R26,@1
                 	ST   X+,R30
                 	ST   X,R31
                 	.ENDM
                 
                 	.MACRO __PUTD1SNS
                 	LDD  R26,Y+@0
                 	LDD  R27,Y+@0+1
                 	ADIW R26,@1
                 	CALL __PUTDP1
                 	.ENDM
                 
                 	.MACRO __PUTB1PMN
                 	LDS  R26,@0
                 	LDS  R27,@0+1
                 	SUBI R26,LOW(-@1)
                 	SBCI R27,HIGH(-@1)
                 	ST   X,R30
                 	.ENDM
                 
                 	.MACRO __PUTW1PMN
                 	LDS  R26,@0
                 	LDS  R27,@0+1
                 	SUBI R26,LOW(-@1)
                 	SBCI R27,HIGH(-@1)
                 	ST   X+,R30
                 	ST   X,R31
                 	.ENDM
                 
                 	.MACRO __PUTD1PMN
                 	LDS  R26,@0
                 	LDS  R27,@0+1
                 	SUBI R26,LOW(-@1)
                 	SBCI R27,HIGH(-@1)
                 	CALL __PUTDP1
                 	.ENDM
                 
                 	.MACRO __PUTB1PMNS
                 	LDS  R26,@0
                 	LDS  R27,@0+1
                 	ADIW R26,@1
                 	ST   X,R30
                 	.ENDM
                 
                 	.MACRO __PUTW1PMNS
                 	LDS  R26,@0
                 	LDS  R27,@0+1
                 	ADIW R26,@1
                 	ST   X+,R30
                 	ST   X,R31
                 	.ENDM
                 
                 	.MACRO __PUTD1PMNS
                 	LDS  R26,@0
                 	LDS  R27,@0+1
                 	ADIW R26,@1
                 	CALL __PUTDP1
                 	.ENDM
                 
                 	.MACRO __PUTB1RN
                 	MOVW R26,R@0
                 	SUBI R26,LOW(-@1)
                 	SBCI R27,HIGH(-@1)
                 	ST   X,R30
                 	.ENDM
                 
                 	.MACRO __PUTW1RN
                 	MOVW R26,R@0
                 	SUBI R26,LOW(-@1)
                 	SBCI R27,HIGH(-@1)
                 	ST   X+,R30
                 	ST   X,R31
                 	.ENDM
                 
                 	.MACRO __PUTD1RN
                 	MOVW R26,R@0
                 	SUBI R26,LOW(-@1)
                 	SBCI R27,HIGH(-@1)
                 	CALL __PUTDP1
                 	.ENDM
                 
                 	.MACRO __PUTB1RNS
                 	MOVW R26,R@0
                 	ADIW R26,@1
                 	ST   X,R30
                 	.ENDM
                 
                 	.MACRO __PUTW1RNS
                 	MOVW R26,R@0
                 	ADIW R26,@1
                 	ST   X+,R30
                 	ST   X,R31
                 	.ENDM
                 
                 	.MACRO __PUTD1RNS
                 	MOVW R26,R@0
                 	ADIW R26,@1
                 	CALL __PUTDP1
                 	.ENDM
                 
                 	.MACRO __PUTB1RON
                 	MOV  R26,R@0
                 	MOV  R27,R@1
                 	SUBI R26,LOW(-@2)
                 	SBCI R27,HIGH(-@2)
                 	ST   X,R30
                 	.ENDM
                 
                 	.MACRO __PUTW1RON
                 	MOV  R26,R@0
                 	MOV  R27,R@1
                 	SUBI R26,LOW(-@2)
                 	SBCI R27,HIGH(-@2)
                 	ST   X+,R30
                 	ST   X,R31
                 	.ENDM
                 
                 	.MACRO __PUTD1RON
                 	MOV  R26,R@0
                 	MOV  R27,R@1
                 	SUBI R26,LOW(-@2)
                 	SBCI R27,HIGH(-@2)
                 	CALL __PUTDP1
                 	.ENDM
                 
                 	.MACRO __PUTB1RONS
                 	MOV  R26,R@0
                 	MOV  R27,R@1
                 	ADIW R26,@2
                 	ST   X,R30
                 	.ENDM
                 
                 	.MACRO __PUTW1RONS
                 	MOV  R26,R@0
                 	MOV  R27,R@1
                 	ADIW R26,@2
                 	ST   X+,R30
                 	ST   X,R31
                 	.ENDM
                 
                 	.MACRO __PUTD1RONS
                 	MOV  R26,R@0
                 	MOV  R27,R@1
                 	ADIW R26,@2
                 	CALL __PUTDP1
                 	.ENDM
                 
                 
                 	.MACRO __GETB1SX
                 	MOVW R30,R28
                 	SUBI R30,LOW(-@0)
                 	SBCI R31,HIGH(-@0)
                 	LD   R30,Z
                 	.ENDM
                 
                 	.MACRO __GETB1HSX
                 	MOVW R30,R28
                 	SUBI R30,LOW(-@0)
                 	SBCI R31,HIGH(-@0)
                 	LD   R31,Z
                 	.ENDM
                 
                 	.MACRO __GETW1SX
                 	MOVW R30,R28
                 	SUBI R30,LOW(-@0)
                 	SBCI R31,HIGH(-@0)
                 	LD   R0,Z+
                 	LD   R31,Z
                 	MOV  R30,R0
                 	.ENDM
                 
                 	.MACRO __GETD1SX
                 	MOVW R30,R28
                 	SUBI R30,LOW(-@0)
                 	SBCI R31,HIGH(-@0)
                 	LD   R0,Z+
                 	LD   R1,Z+
                 	LD   R22,Z+
                 	LD   R23,Z
                 	MOVW R30,R0
                 	.ENDM
                 
                 	.MACRO __GETB2SX
                 	MOVW R26,R28
                 	SUBI R26,LOW(-@0)
                 	SBCI R27,HIGH(-@0)
                 	LD   R26,X
                 	.ENDM
                 
                 	.MACRO __GETW2SX
                 	MOVW R26,R28
                 	SUBI R26,LOW(-@0)
                 	SBCI R27,HIGH(-@0)
                 	LD   R0,X+
                 	LD   R27,X
                 	MOV  R26,R0
                 	.ENDM
                 
                 	.MACRO __GETD2SX
                 	MOVW R26,R28
                 	SUBI R26,LOW(-@0)
                 	SBCI R27,HIGH(-@0)
                 	LD   R0,X+
                 	LD   R1,X+
                 	LD   R24,X+
                 	LD   R25,X
                 	MOVW R26,R0
                 	.ENDM
                 
                 	.MACRO __GETBRSX
                 	MOVW R30,R28
                 	SUBI R30,LOW(-@1)
                 	SBCI R31,HIGH(-@1)
                 	LD   R@0,Z
                 	.ENDM
                 
                 	.MACRO __GETWRSX
                 	MOVW R30,R28
                 	SUBI R30,LOW(-@2)
                 	SBCI R31,HIGH(-@2)
                 	LD   R@0,Z+
                 	LD   R@1,Z
                 	.ENDM
                 
                 	.MACRO __GETBRSX2
                 	MOVW R26,R28
                 	SUBI R26,LOW(-@1)
                 	SBCI R27,HIGH(-@1)
                 	LD   R@0,X
                 	.ENDM
                 
                 	.MACRO __GETWRSX2
                 	MOVW R26,R28
                 	SUBI R26,LOW(-@2)
                 	SBCI R27,HIGH(-@2)
                 	LD   R@0,X+
                 	LD   R@1,X
                 	.ENDM
                 
                 	.MACRO __LSLW8SX
                 	MOVW R30,R28
                 	SUBI R30,LOW(-@0)
                 	SBCI R31,HIGH(-@0)
                 	LD   R31,Z
                 	CLR  R30
                 	.ENDM
                 
                 	.MACRO __PUTB1SX
                 	MOVW R26,R28
                 	SUBI R26,LOW(-@0)
                 	SBCI R27,HIGH(-@0)
                 	ST   X,R30
                 	.ENDM
                 
                 	.MACRO __PUTW1SX
                 	MOVW R26,R28
                 	SUBI R26,LOW(-@0)
                 	SBCI R27,HIGH(-@0)
                 	ST   X+,R30
                 	ST   X,R31
                 	.ENDM
                 
                 	.MACRO __PUTD1SX
                 	MOVW R26,R28
                 	SUBI R26,LOW(-@0)
                 	SBCI R27,HIGH(-@0)
                 	ST   X+,R30
                 	ST   X+,R31
                 	ST   X+,R22
                 	ST   X,R23
                 	.ENDM
                 
                 	.MACRO __CLRW1SX
                 	MOVW R26,R28
                 	SUBI R26,LOW(-@0)
                 	SBCI R27,HIGH(-@0)
                 	ST   X+,R30
                 	ST   X,R30
                 	.ENDM
                 
                 	.MACRO __CLRD1SX
                 	MOVW R26,R28
                 	SUBI R26,LOW(-@0)
                 	SBCI R27,HIGH(-@0)
                 	ST   X+,R30
                 	ST   X+,R30
                 	ST   X+,R30
                 	ST   X,R30
                 	.ENDM
                 
                 	.MACRO __PUTB2SX
                 	MOVW R30,R28
                 	SUBI R30,LOW(-@0)
                 	SBCI R31,HIGH(-@0)
                 	ST   Z,R26
                 	.ENDM
                 
                 	.MACRO __PUTW2SX
                 	MOVW R30,R28
                 	SUBI R30,LOW(-@0)
                 	SBCI R31,HIGH(-@0)
                 	ST   Z+,R26
                 	ST   Z,R27
                 	.ENDM
                 
                 	.MACRO __PUTD2SX
                 	MOVW R30,R28
                 	SUBI R30,LOW(-@0)
                 	SBCI R31,HIGH(-@0)
                 	ST   Z+,R26
                 	ST   Z+,R27
                 	ST   Z+,R24
                 	ST   Z,R25
                 	.ENDM
                 
                 	.MACRO __PUTBSRX
                 	MOVW R30,R28
                 	SUBI R30,LOW(-@1)
                 	SBCI R31,HIGH(-@1)
                 	ST   Z,R@0
                 	.ENDM
                 
                 	.MACRO __PUTWSRX
                 	MOVW R30,R28
                 	SUBI R30,LOW(-@2)
                 	SBCI R31,HIGH(-@2)
                 	ST   Z+,R@0
                 	ST   Z,R@1
                 	.ENDM
                 
                 	.MACRO __PUTB1SNX
                 	MOVW R26,R28
                 	SUBI R26,LOW(-@0)
                 	SBCI R27,HIGH(-@0)
                 	LD   R0,X+
                 	LD   R27,X
                 	MOV  R26,R0
                 	SUBI R26,LOW(-@1)
                 	SBCI R27,HIGH(-@1)
                 	ST   X,R30
                 	.ENDM
                 
                 	.MACRO __PUTW1SNX
                 	MOVW R26,R28
                 	SUBI R26,LOW(-@0)
                 	SBCI R27,HIGH(-@0)
                 	LD   R0,X+
                 	LD   R27,X
                 	MOV  R26,R0
                 	SUBI R26,LOW(-@1)
                 	SBCI R27,HIGH(-@1)
                 	ST   X+,R30
                 	ST   X,R31
                 	.ENDM
                 
                 	.MACRO __PUTD1SNX
                 	MOVW R26,R28
                 	SUBI R26,LOW(-@0)
                 	SBCI R27,HIGH(-@0)
                 	LD   R0,X+
                 	LD   R27,X
                 	MOV  R26,R0
                 	SUBI R26,LOW(-@1)
                 	SBCI R27,HIGH(-@1)
                 	ST   X+,R30
                 	ST   X+,R31
                 	ST   X+,R22
                 	ST   X,R23
                 	.ENDM
                 
                 	.MACRO __MULBRR
                 	MULS R@0,R@1
                 	MOVW R30,R0
                 	.ENDM
                 
                 	.MACRO __MULBRRU
                 	MUL  R@0,R@1
                 	MOVW R30,R0
                 	.ENDM
                 
                 	.MACRO __MULBRR0
                 	MULS R@0,R@1
                 	.ENDM
                 
                 	.MACRO __MULBRRU0
                 	MUL  R@0,R@1
                 	.ENDM
                 
                 	.MACRO __MULBNWRU
                 	LDI  R26,@2
                 	MUL  R26,R@0
                 	MOVW R30,R0
                 	MUL  R26,R@1
                 	ADD  R31,R0
                 	.ENDM
                 
                 ;NAME DEFINITIONS FOR GLOBAL VARIABLES ALLOCATED TO REGISTERS
                 	.DEF _data=R4
                 	.DEF __lcd_x=R7
                 	.DEF __lcd_y=R6
                 	.DEF __lcd_maxx=R9
                 
                 	.CSEG
                 	.ORG 0x00
                 
                 ;START OF CODE MARKER
                 __START_OF_CODE:
                 
                 ;INTERRUPT VECTORS
000000 940c 003d 	JMP  __RESET
000002 940c 0000 	JMP  0x00
000004 940c 0000 	JMP  0x00
000006 940c 0000 	JMP  0x00
000008 940c 0000 	JMP  0x00
00000a 940c 0000 	JMP  0x00
00000c 940c 0000 	JMP  0x00
00000e 940c 0000 	JMP  0x00
000010 940c 0000 	JMP  0x00
000012 940c 006d 	JMP  _timer0_ovf_isr
000014 940c 0000 	JMP  0x00
000016 940c 0000 	JMP  0x00
000018 940c 0000 	JMP  0x00
00001a 940c 0000 	JMP  0x00
00001c 940c 0000 	JMP  0x00
00001e 940c 0000 	JMP  0x00
000020 940c 0000 	JMP  0x00
000022 940c 0000 	JMP  0x00
000024 940c 0000 	JMP  0x00
000026 940c 0000 	JMP  0x00
000028 940c 0000 	JMP  0x00
                 
                 _tbl10_G100:
00002a 2710
00002b 03e8
00002c 0064
00002d 000a      	.DB  0x10,0x27,0xE8,0x3,0x64,0x0,0xA,0x0
00002e 0001      	.DB  0x1,0x0
                 _tbl16_G100:
00002f 1000
000030 0100
000031 0010
000032 0001      	.DB  0x0,0x10,0x0,0x1,0x10,0x0,0x1,0x0
                 
                 _0x0:
000033 4354
000034 544e
000035 2530
000036 6433      	.DB  0x54,0x43,0x4E,0x54,0x30,0x25,0x33,0x64
E:\aaaaaaa\CahRahAr\Praktikum5BKPM\percobaan3\List\percobaan1.asm(1114): warning: .cseg .db misalignment - padding zero byte
000037 0000      	.DB  0x0
                 _0x2020003:
000038 c080      	.DB  0x80,0xC0
                 
                 __GLOBAL_INI_TBL:
000039 0002      	.DW  0x02
00003a 0170      	.DW  __base_y_G101
00003b 0070      	.DW  _0x2020003*2
                 
                 _0xFFFFFFFF:
00003c 0000      	.DW  0
                 
                 __RESET:
00003d 94f8      	CLI
00003e 27ee      	CLR  R30
00003f bbec      	OUT  EECR,R30
                 
                 ;INTERRUPT VECTORS ARE PLACED
                 ;AT THE START OF FLASH
000040 e0f1      	LDI  R31,1
000041 bffb      	OUT  GICR,R31
000042 bfeb      	OUT  GICR,R30
000043 bfe5      	OUT  MCUCR,R30
                 
                 ;DISABLE WATCHDOG
000044 e1f8      	LDI  R31,0x18
000045 bdf1      	OUT  WDTCR,R31
000046 bde1      	OUT  WDTCR,R30
                 
                 ;CLEAR R2-R14
000047 e08d      	LDI  R24,(14-2)+1
000048 e0a2      	LDI  R26,2
000049 27bb      	CLR  R27
                 __CLEAR_REG:
00004a 93ed      	ST   X+,R30
00004b 958a      	DEC  R24
00004c f7e9      	BRNE __CLEAR_REG
                 
                 ;CLEAR SRAM
00004d e080      	LDI  R24,LOW(__CLEAR_SRAM_SIZE)
00004e e094      	LDI  R25,HIGH(__CLEAR_SRAM_SIZE)
00004f e6a0      	LDI  R26,__SRAM_START
                 __CLEAR_SRAM:
000050 93ed      	ST   X+,R30
000051 9701      	SBIW R24,1
000052 f7e9      	BRNE __CLEAR_SRAM
                 
                 ;GLOBAL VARIABLES INITIALIZATION
000053 e7e2      	LDI  R30,LOW(__GLOBAL_INI_TBL*2)
000054 e0f0      	LDI  R31,HIGH(__GLOBAL_INI_TBL*2)
                 __GLOBAL_INI_NEXT:
000055 9185      	LPM  R24,Z+
000056 9195      	LPM  R25,Z+
000057 9700      	SBIW R24,0
000058 f061      	BREQ __GLOBAL_INI_END
000059 91a5      	LPM  R26,Z+
00005a 91b5      	LPM  R27,Z+
00005b 9005      	LPM  R0,Z+
00005c 9015      	LPM  R1,Z+
00005d 01bf      	MOVW R22,R30
00005e 01f0      	MOVW R30,R0
                 __GLOBAL_INI_LOOP:
00005f 9005      	LPM  R0,Z+
000060 920d      	ST   X+,R0
000061 9701      	SBIW R24,1
000062 f7e1      	BRNE __GLOBAL_INI_LOOP
000063 01fb      	MOVW R30,R22
000064 cff0      	RJMP __GLOBAL_INI_NEXT
                 __GLOBAL_INI_END:
                 
                 ;HARDWARE STACK POINTER INITIALIZATION
000065 e5ef      	LDI  R30,LOW(__SRAM_END-__HEAP_SIZE)
000066 bfed      	OUT  SPL,R30
000067 e0e4      	LDI  R30,HIGH(__SRAM_END-__HEAP_SIZE)
000068 bfee      	OUT  SPH,R30
                 
                 ;DATA STACK POINTER INITIALIZATION
000069 e6c0      	LDI  R28,LOW(__SRAM_START+__DSTACK_SIZE)
00006a e0d1      	LDI  R29,HIGH(__SRAM_START+__DSTACK_SIZE)
                 
00006b 940c 0079 	JMP  _main
                 
                 	.ESEG
                 	.ORG 0
                 
                 	.DSEG
                 	.ORG 0x160
                 
                 	.CSEG
                 ;/*****************************************************
                 ;This program was produced by the
                 ;CodeWizardAVR V2.05.3 Standard
                 ;Automatic Program Generator
                 ;© Copyright 1998-2011 Pavel Haiduc, HP InfoTech s.r.l.
                 ;http://www.hpinfotech.com
                 ;
                 ;Project :
                 ;Version :
                 ;Date    : 11/04/2018
                 ;Author  : Windows User
                 ;Company :
                 ;Comments:
                 ;
                 ;
                 ;Chip type               : ATmega16
                 ;Program type            : Application
                 ;AVR Core Clock frequency: 11,059200 MHz
                 ;Memory model            : Small
                 ;External RAM size       : 0
                 ;Data Stack size         : 256
                 ;*****************************************************/
                 ;
                 ;#include <mega16.h>
                 	#ifndef __SLEEP_DEFINED__
                 	#define __SLEEP_DEFINED__
                 	.EQU __se_bit=0x40
                 	.EQU __sm_mask=0xB0
                 	.EQU __sm_powerdown=0x20
                 	.EQU __sm_powersave=0x30
                 	.EQU __sm_standby=0xA0
                 	.EQU __sm_ext_standby=0xB0
                 	.EQU __sm_adc_noise_red=0x10
                 	.SET power_ctrl_reg=mcucr
                 	#endif
                 ;#include <stdio.h>
                 ;
                 ;int data;
                 ;unsigned char lcd[16];
                 ;// Alphanumeric LCD functions
                 ;#include <alcd.h>
                 ;
                 ;// Timer 0 overflow interrupt service routine
                 ;interrupt [TIM0_OVF] void timer0_ovf_isr(void)
                 ; 0000 0022 {
                 
                 	.CSEG
                 _timer0_ovf_isr:
00006d 93ea      	ST   -Y,R30
00006e 93fa      	ST   -Y,R31
00006f b7ef      	IN   R30,SREG
000070 93ea      	ST   -Y,R30
                 ; 0000 0023 // Place your code here
                 ; 0000 0024 data++;
000071 01f2      	MOVW R30,R4
000072 9631      	ADIW R30,1
000073 012f      	MOVW R4,R30
                 ; 0000 0025 
                 ; 0000 0026 }
000074 91e9      	LD   R30,Y+
000075 bfef      	OUT  SREG,R30
000076 91f9      	LD   R31,Y+
000077 91e9      	LD   R30,Y+
000078 9518      	RETI
                 ;
                 ;// Declare your global variables here
                 ;
                 ;void main(void)
                 ; 0000 002B {
                 _main:
                 ; 0000 002C // Declare your local variables here
                 ; 0000 002D 
                 ; 0000 002E // Input/Output Ports initialization
                 ; 0000 002F // Port A initialization
                 ; 0000 0030 // Func7=In Func6=In Func5=In Func4=In Func3=In Func2=In Func1=In Func0=In
                 ; 0000 0031 // State7=T State6=T State5=T State4=T State3=T State2=T State1=T State0=T
                 ; 0000 0032 PORTA=0x00;
000079 e0e0      	LDI  R30,LOW(0)
00007a bbeb      	OUT  0x1B,R30
                 ; 0000 0033 DDRA=0x00;
00007b bbea      	OUT  0x1A,R30
                 ; 0000 0034 
                 ; 0000 0035 // Port B initialization
                 ; 0000 0036 // Func7=In Func6=Out Func5=Out Func4=Out Func3=Out Func2=Out Func1=In Func0=In
                 ; 0000 0037 // State7=T State6=0 State5=0 State4=0 State3=0 State2=0 State1=T State0=T
                 ; 0000 0038 PORTB=0x00;
00007c bbe8      	OUT  0x18,R30
                 ; 0000 0039 DDRB=0x7C;
00007d e7ec      	LDI  R30,LOW(124)
00007e bbe7      	OUT  0x17,R30
                 ; 0000 003A 
                 ; 0000 003B // Port C initialization
                 ; 0000 003C // Func7=In Func6=In Func5=In Func4=In Func3=In Func2=In Func1=In Func0=In
                 ; 0000 003D // State7=T State6=T State5=T State4=T State3=T State2=T State1=T State0=T
                 ; 0000 003E PORTC=0x00;
00007f e0e0      	LDI  R30,LOW(0)
000080 bbe5      	OUT  0x15,R30
                 ; 0000 003F DDRC=0x00;
000081 bbe4      	OUT  0x14,R30
                 ; 0000 0040 
                 ; 0000 0041 // Port D initialization
                 ; 0000 0042 // Func7=In Func6=In Func5=In Func4=In Func3=In Func2=In Func1=In Func0=In
                 ; 0000 0043 // State7=T State6=T State5=T State4=T State3=T State2=T State1=T State0=T
                 ; 0000 0044 PORTD=0x00;
000082 bbe2      	OUT  0x12,R30
                 ; 0000 0045 DDRD=0x00;
000083 bbe1      	OUT  0x11,R30
                 ; 0000 0046 
                 ; 0000 0047 // Timer/Counter 0 initialization
                 ; 0000 0048 // Clock source: T0 pin Falling Edge
                 ; 0000 0049 // Mode: Normal top=0xFF
                 ; 0000 004A // OC0 output: Disconnected
                 ; 0000 004B TCCR0=0x06;
000084 e0e6      	LDI  R30,LOW(6)
000085 bfe3      	OUT  0x33,R30
                 ; 0000 004C TCNT0=0x00;
000086 e0e0      	LDI  R30,LOW(0)
000087 bfe2      	OUT  0x32,R30
                 ; 0000 004D OCR0=0x00;
000088 bfec      	OUT  0x3C,R30
                 ; 0000 004E 
                 ; 0000 004F // Timer/Counter 1 initialization
                 ; 0000 0050 // Clock source: System Clock
                 ; 0000 0051 // Clock value: Timer1 Stopped
                 ; 0000 0052 // Mode: Normal top=0xFFFF
                 ; 0000 0053 // OC1A output: Discon.
                 ; 0000 0054 // OC1B output: Discon.
                 ; 0000 0055 // Noise Canceler: Off
                 ; 0000 0056 // Input Capture on Falling Edge
                 ; 0000 0057 // Timer1 Overflow Interrupt: Off
                 ; 0000 0058 // Input Capture Interrupt: Off
                 ; 0000 0059 // Compare A Match Interrupt: Off
                 ; 0000 005A // Compare B Match Interrupt: Off
                 ; 0000 005B TCCR1A=0x00;
000089 bdef      	OUT  0x2F,R30
                 ; 0000 005C TCCR1B=0x00;
00008a bdee      	OUT  0x2E,R30
                 ; 0000 005D TCNT1H=0x00;
00008b bded      	OUT  0x2D,R30
                 ; 0000 005E TCNT1L=0x00;
00008c bdec      	OUT  0x2C,R30
                 ; 0000 005F ICR1H=0x00;
00008d bde7      	OUT  0x27,R30
                 ; 0000 0060 ICR1L=0x00;
00008e bde6      	OUT  0x26,R30
                 ; 0000 0061 OCR1AH=0x00;
00008f bdeb      	OUT  0x2B,R30
                 ; 0000 0062 OCR1AL=0x00;
000090 bdea      	OUT  0x2A,R30
                 ; 0000 0063 OCR1BH=0x00;
000091 bde9      	OUT  0x29,R30
                 ; 0000 0064 OCR1BL=0x00;
000092 bde8      	OUT  0x28,R30
                 ; 0000 0065 
                 ; 0000 0066 // Timer/Counter 2 initialization
                 ; 0000 0067 // Clock source: System Clock
                 ; 0000 0068 // Clock value: Timer2 Stopped
                 ; 0000 0069 // Mode: Normal top=0xFF
                 ; 0000 006A // OC2 output: Disconnected
                 ; 0000 006B ASSR=0x00;
000093 bde2      	OUT  0x22,R30
                 ; 0000 006C TCCR2=0x00;
000094 bde5      	OUT  0x25,R30
                 ; 0000 006D TCNT2=0x00;
000095 bde4      	OUT  0x24,R30
                 ; 0000 006E OCR2=0x00;
000096 bde3      	OUT  0x23,R30
                 ; 0000 006F 
                 ; 0000 0070 // External Interrupt(s) initialization
                 ; 0000 0071 // INT0: Off
                 ; 0000 0072 // INT1: Off
                 ; 0000 0073 // INT2: Off
                 ; 0000 0074 MCUCR=0x00;
000097 bfe5      	OUT  0x35,R30
                 ; 0000 0075 MCUCSR=0x00;
000098 bfe4      	OUT  0x34,R30
                 ; 0000 0076 
                 ; 0000 0077 // Timer(s)/Counter(s) Interrupt(s) initialization
                 ; 0000 0078 TIMSK=0x01;
000099 e0e1      	LDI  R30,LOW(1)
00009a bfe9      	OUT  0x39,R30
                 ; 0000 0079 
                 ; 0000 007A // USART initialization
                 ; 0000 007B // USART disabled
                 ; 0000 007C UCSRB=0x00;
00009b e0e0      	LDI  R30,LOW(0)
00009c b9ea      	OUT  0xA,R30
                 ; 0000 007D 
                 ; 0000 007E // Analog Comparator initialization
                 ; 0000 007F // Analog Comparator: Off
                 ; 0000 0080 // Analog Comparator Input Capture by Timer/Counter 1: Off
                 ; 0000 0081 ACSR=0x80;
00009d e8e0      	LDI  R30,LOW(128)
00009e b9e8      	OUT  0x8,R30
                 ; 0000 0082 SFIOR=0x00;
00009f e0e0      	LDI  R30,LOW(0)
0000a0 bfe0      	OUT  0x30,R30
                 ; 0000 0083 
                 ; 0000 0084 // ADC initialization
                 ; 0000 0085 // ADC disabled
                 ; 0000 0086 ADCSRA=0x00;
0000a1 b9e6      	OUT  0x6,R30
                 ; 0000 0087 
                 ; 0000 0088 // SPI initialization
                 ; 0000 0089 // SPI disabled
                 ; 0000 008A SPCR=0x00;
0000a2 b9ed      	OUT  0xD,R30
                 ; 0000 008B 
                 ; 0000 008C // TWI initialization
                 ; 0000 008D // TWI disabled
                 ; 0000 008E TWCR=0x00;
0000a3 bfe6      	OUT  0x36,R30
                 ; 0000 008F 
                 ; 0000 0090 // Alphanumeric LCD initialization
                 ; 0000 0091 // Connections are specified in the
                 ; 0000 0092 // Project|Configure|C Compiler|Libraries|Alphanumeric LCD menu:
                 ; 0000 0093 // RS - PORTD Bit 0
                 ; 0000 0094 // RD - PORTD Bit 1
                 ; 0000 0095 // EN - PORTD Bit 2
                 ; 0000 0096 // D4 - PORTD Bit 4
                 ; 0000 0097 // D5 - PORTD Bit 5
                 ; 0000 0098 // D6 - PORTD Bit 6
                 ; 0000 0099 // D7 - PORTD Bit 7
                 ; 0000 009A // Characters/line: 16
                 ; 0000 009B lcd_init(16);
0000a4 e1a0      	LDI  R26,LOW(16)
0000a5 940e 02d5 	CALL _lcd_init
                 ; 0000 009C 
                 ; 0000 009D // Global enable interrupts
                 ; 0000 009E #asm("sei")
0000a7 9478      	sei
                 ; 0000 009F 
                 ; 0000 00A0 while (1)
                 _0x3:
                 ; 0000 00A1       {
                 ; 0000 00A2       // Place your code here
                 ; 0000 00A3      sprintf(lcd,"TCNT0%3d",TCNT0);
0000a8 e6e0      	LDI  R30,LOW(_lcd)
0000a9 e0f1      	LDI  R31,HIGH(_lcd)
0000aa 93fa      	ST   -Y,R31
0000ab 93ea      	ST   -Y,R30
                +
0000ac e6e6     +LDI R30 , LOW ( 2 * _0x0 + ( 0 ) )
0000ad e0f0     +LDI R31 , HIGH ( 2 * _0x0 + ( 0 ) )
                 	__POINTW1FN _0x0,0
0000ae 93fa      	ST   -Y,R31
0000af 93ea      	ST   -Y,R30
0000b0 b7e2      	IN   R30,0x32
0000b1 27ff      	CLR  R31
0000b2 2766      	CLR  R22
0000b3 2777      	CLR  R23
0000b4 940e 031c 	CALL SUBOPT_0x0
                 ; 0000 00A4 lcd_gotoxy(0,0);
0000b6 e0a0      	LDI  R26,LOW(0)
0000b7 940e 0325 	CALL SUBOPT_0x1
                 ; 0000 00A5 lcd_puts(lcd);
                 ; 0000 00A6 sprintf(lcd,"%3d",data);
0000b9 e6e0      	LDI  R30,LOW(_lcd)
0000ba e0f1      	LDI  R31,HIGH(_lcd)
0000bb 93fa      	ST   -Y,R31
0000bc 93ea      	ST   -Y,R30
                +
0000bd e6eb     +LDI R30 , LOW ( 2 * _0x0 + ( 5 ) )
0000be e0f0     +LDI R31 , HIGH ( 2 * _0x0 + ( 5 ) )
                 	__POINTW1FN _0x0,5
0000bf 93fa      	ST   -Y,R31
0000c0 93ea      	ST   -Y,R30
0000c1 01f2      	MOVW R30,R4
0000c2 940e 0377 	CALL __CWD1
0000c4 940e 031c 	CALL SUBOPT_0x0
                 ; 0000 00A7 lcd_gotoxy(0,1);
0000c6 e0a1      	LDI  R26,LOW(1)
0000c7 940e 0325 	CALL SUBOPT_0x1
                 ; 0000 00A8 lcd_puts(lcd);
                 ; 0000 00A9 
                 ; 0000 00AA       }
0000c9 cfde      	RJMP _0x3
                 ; 0000 00AB }
                 _0x6:
0000ca cfff      	RJMP _0x6
                 	#ifndef __SLEEP_DEFINED__
                 	#endif
                 
                 	.CSEG
                 _put_buff_G100:
0000cb 93ba      	ST   -Y,R27
0000cc 93aa      	ST   -Y,R26
0000cd 931a      	ST   -Y,R17
0000ce 930a      	ST   -Y,R16
0000cf 81aa      	LDD  R26,Y+2
0000d0 81bb      	LDD  R27,Y+2+1
0000d1 9612      	ADIW R26,2
0000d2 940e 037c 	CALL __GETW1P
0000d4 9730      	SBIW R30,0
0000d5 f159      	BREQ _0x2000010
0000d6 81aa      	LDD  R26,Y+2
0000d7 81bb      	LDD  R27,Y+2+1
0000d8 9614      	ADIW R26,4
0000d9 940e 037c 	CALL __GETW1P
0000db 018f      	MOVW R16,R30
0000dc 9730      	SBIW R30,0
0000dd f061      	BREQ _0x2000012
                +
0000de 3002     +CPI R16 , LOW ( 2 )
0000df e0e0     +LDI R30 , HIGH ( 2 )
0000e0 071e     +CPC R17 , R30
                 	__CPWRN 16,17,2
0000e1 f0f0      	BRLO _0x2000013
0000e2 01f8      	MOVW R30,R16
0000e3 9731      	SBIW R30,1
0000e4 018f      	MOVW R16,R30
                +
0000e5 81aa     +LDD R26 , Y + 2
0000e6 81bb     +LDD R27 , Y + 2 + 1
0000e7 9614     +ADIW R26 , 4
0000e8 93ed     +ST X + , R30
0000e9 93fc     +ST X , R31
                 	__PUTW1SNS 2,4
                 _0x2000012:
0000ea 81aa      	LDD  R26,Y+2
0000eb 81bb      	LDD  R27,Y+2+1
0000ec 9612      	ADIW R26,2
0000ed 91ed      	LD   R30,X+
0000ee 91fd      	LD   R31,X+
0000ef 9631      	ADIW R30,1
0000f0 93fe      	ST   -X,R31
0000f1 93ee      	ST   -X,R30
0000f2 9731      	SBIW R30,1
0000f3 81ac      	LDD  R26,Y+4
0000f4 83a0      	STD  Z+0,R26
0000f5 81aa      	LDD  R26,Y+2
0000f6 81bb      	LDD  R27,Y+2+1
0000f7 940e 037c 	CALL __GETW1P
0000f9 23ff      	TST  R31
0000fa f02a      	BRMI _0x2000014
0000fb 91ed      	LD   R30,X+
0000fc 91fd      	LD   R31,X+
0000fd 9631      	ADIW R30,1
0000fe 93fe      	ST   -X,R31
0000ff 93ee      	ST   -X,R30
                 _0x2000014:
                 _0x2000013:
000100 c006      	RJMP _0x2000015
                 _0x2000010:
000101 81aa      	LDD  R26,Y+2
000102 81bb      	LDD  R27,Y+2+1
000103 efef      	LDI  R30,LOW(65535)
000104 efff      	LDI  R31,HIGH(65535)
000105 93ed      	ST   X+,R30
000106 93fc      	ST   X,R31
                 _0x2000015:
000107 8119      	LDD  R17,Y+1
000108 8108      	LDD  R16,Y+0
000109 9625      	ADIW R28,5
00010a 9508      	RET
                 __print_G100:
00010b 93ba      	ST   -Y,R27
00010c 93aa      	ST   -Y,R26
00010d 9726      	SBIW R28,6
00010e 940e 0389 	CALL __SAVELOCR6
000110 e010      	LDI  R17,0
000111 85ac      	LDD  R26,Y+12
000112 85bd      	LDD  R27,Y+12+1
000113 e0e0      	LDI  R30,LOW(0)
000114 e0f0      	LDI  R31,HIGH(0)
000115 93ed      	ST   X+,R30
000116 93fc      	ST   X,R31
                 _0x2000016:
000117 89ea      	LDD  R30,Y+18
000118 89fb      	LDD  R31,Y+18+1
000119 9631      	ADIW R30,1
00011a 8bea      	STD  Y+18,R30
00011b 8bfb      	STD  Y+18+1,R31
00011c 9731      	SBIW R30,1
00011d 91e4      	LPM  R30,Z
00011e 2f2e      	MOV  R18,R30
00011f 30e0      	CPI  R30,0
000120 f411      	BRNE PC+3
000121 940c 023a 	JMP _0x2000018
000123 2fe1      	MOV  R30,R17
000124 30e0      	CPI  R30,0
000125 f439      	BRNE _0x200001C
000126 3225      	CPI  R18,37
000127 f411      	BRNE _0x200001D
000128 e011      	LDI  R17,LOW(1)
000129 c002      	RJMP _0x200001E
                 _0x200001D:
00012a 940e 032b 	CALL SUBOPT_0x2
                 _0x200001E:
00012c c10c      	RJMP _0x200001B
                 _0x200001C:
00012d 30e1      	CPI  R30,LOW(0x1)
00012e f4a9      	BRNE _0x200001F
00012f 3225      	CPI  R18,37
000130 f419      	BRNE _0x2000020
000131 940e 032b 	CALL SUBOPT_0x2
000133 c104      	RJMP _0x20000C9
                 _0x2000020:
000134 e012      	LDI  R17,LOW(2)
000135 e040      	LDI  R20,LOW(0)
000136 e000      	LDI  R16,LOW(0)
000137 322d      	CPI  R18,45
000138 f411      	BRNE _0x2000021
000139 e001      	LDI  R16,LOW(1)
00013a c0fe      	RJMP _0x200001B
                 _0x2000021:
00013b 322b      	CPI  R18,43
00013c f411      	BRNE _0x2000022
00013d e24b      	LDI  R20,LOW(43)
00013e c0fa      	RJMP _0x200001B
                 _0x2000022:
00013f 3220      	CPI  R18,32
000140 f411      	BRNE _0x2000023
000141 e240      	LDI  R20,LOW(32)
000142 c0f6      	RJMP _0x200001B
                 _0x2000023:
000143 c002      	RJMP _0x2000024
                 _0x200001F:
000144 30e2      	CPI  R30,LOW(0x2)
000145 f439      	BRNE _0x2000025
                 _0x2000024:
000146 e050      	LDI  R21,LOW(0)
000147 e013      	LDI  R17,LOW(3)
000148 3320      	CPI  R18,48
000149 f411      	BRNE _0x2000026
00014a 6800      	ORI  R16,LOW(128)
00014b c0ed      	RJMP _0x200001B
                 _0x2000026:
00014c c004      	RJMP _0x2000027
                 _0x2000025:
00014d 30e3      	CPI  R30,LOW(0x3)
00014e f011      	BREQ PC+3
00014f 940c 0239 	JMP _0x200001B
                 _0x2000027:
000151 3320      	CPI  R18,48
000152 f010      	BRLO _0x200002A
000153 332a      	CPI  R18,58
000154 f008      	BRLO _0x200002B
                 _0x200002A:
000155 c007      	RJMP _0x2000029
                 _0x200002B:
000156 e0aa      	LDI  R26,LOW(10)
000157 9f5a      	MUL  R21,R26
000158 2d50      	MOV  R21,R0
000159 2fe2      	MOV  R30,R18
00015a 53e0      	SUBI R30,LOW(48)
00015b 0f5e      	ADD  R21,R30
00015c c0dc      	RJMP _0x200001B
                 _0x2000029:
00015d 2fe2      	MOV  R30,R18
00015e 36e3      	CPI  R30,LOW(0x63)
00015f f449      	BRNE _0x200002F
000160 940e 0332 	CALL SUBOPT_0x3
000162 89e8      	LDD  R30,Y+16
000163 89f9      	LDD  R31,Y+16+1
000164 81a4      	LDD  R26,Z+4
000165 93aa      	ST   -Y,R26
000166 940e 0338 	CALL SUBOPT_0x4
000168 c0cf      	RJMP _0x2000030
                 _0x200002F:
000169 37e3      	CPI  R30,LOW(0x73)
00016a f441      	BRNE _0x2000032
00016b 940e 0332 	CALL SUBOPT_0x3
00016d 940e 033e 	CALL SUBOPT_0x5
00016f 940e 0303 	CALL _strlen
000171 2f1e      	MOV  R17,R30
000172 c00a      	RJMP _0x2000033
                 _0x2000032:
000173 37e0      	CPI  R30,LOW(0x70)
000174 f461      	BRNE _0x2000035
000175 940e 0332 	CALL SUBOPT_0x3
000177 940e 033e 	CALL SUBOPT_0x5
000179 940e 030f 	CALL _strlenf
00017b 2f1e      	MOV  R17,R30
00017c 6008      	ORI  R16,LOW(8)
                 _0x2000033:
00017d 6002      	ORI  R16,LOW(2)
00017e 770f      	ANDI R16,LOW(127)
00017f e030      	LDI  R19,LOW(0)
000180 c035      	RJMP _0x2000036
                 _0x2000035:
000181 36e4      	CPI  R30,LOW(0x64)
000182 f011      	BREQ _0x2000039
000183 36e9      	CPI  R30,LOW(0x69)
000184 f411      	BRNE _0x200003A
                 _0x2000039:
000185 6004      	ORI  R16,LOW(4)
000186 c002      	RJMP _0x200003B
                 _0x200003A:
000187 37e5      	CPI  R30,LOW(0x75)
000188 f431      	BRNE _0x200003C
                 _0x200003B:
000189 e5e4      	LDI  R30,LOW(_tbl10_G100*2)
00018a e0f0      	LDI  R31,HIGH(_tbl10_G100*2)
00018b 83ee      	STD  Y+6,R30
00018c 83ff      	STD  Y+6+1,R31
00018d e015      	LDI  R17,LOW(5)
00018e c00d      	RJMP _0x200003D
                 _0x200003C:
00018f 35e8      	CPI  R30,LOW(0x58)
000190 f411      	BRNE _0x200003F
000191 6008      	ORI  R16,LOW(8)
000192 c004      	RJMP _0x2000040
                 _0x200003F:
000193 37e8      	CPI  R30,LOW(0x78)
000194 f011      	BREQ PC+3
000195 940c 0238 	JMP _0x2000071
                 _0x2000040:
000197 e5ee      	LDI  R30,LOW(_tbl16_G100*2)
000198 e0f0      	LDI  R31,HIGH(_tbl16_G100*2)
000199 83ee      	STD  Y+6,R30
00019a 83ff      	STD  Y+6+1,R31
00019b e014      	LDI  R17,LOW(4)
                 _0x200003D:
00019c ff02      	SBRS R16,2
00019d c014      	RJMP _0x2000042
00019e 940e 0332 	CALL SUBOPT_0x3
0001a0 940e 0348 	CALL SUBOPT_0x6
0001a2 85ab      	LDD  R26,Y+11
0001a3 23aa      	TST  R26
0001a4 f43a      	BRPL _0x2000043
0001a5 85ea      	LDD  R30,Y+10
0001a6 85fb      	LDD  R31,Y+10+1
0001a7 940e 0373 	CALL __ANEGW1
0001a9 87ea      	STD  Y+10,R30
0001aa 87fb      	STD  Y+10+1,R31
0001ab e24d      	LDI  R20,LOW(45)
                 _0x2000043:
0001ac 3040      	CPI  R20,0
0001ad f011      	BREQ _0x2000044
0001ae 5f1f      	SUBI R17,-LOW(1)
0001af c001      	RJMP _0x2000045
                 _0x2000044:
0001b0 7f0b      	ANDI R16,LOW(251)
                 _0x2000045:
0001b1 c004      	RJMP _0x2000046
                 _0x2000042:
0001b2 940e 0332 	CALL SUBOPT_0x3
0001b4 940e 0348 	CALL SUBOPT_0x6
                 _0x2000046:
                 _0x2000036:
0001b6 fd00      	SBRC R16,0
0001b7 c011      	RJMP _0x2000047
                 _0x2000048:
0001b8 1715      	CP   R17,R21
0001b9 f478      	BRSH _0x200004A
0001ba ff07      	SBRS R16,7
0001bb c008      	RJMP _0x200004B
0001bc ff02      	SBRS R16,2
0001bd c004      	RJMP _0x200004C
0001be 7f0b      	ANDI R16,LOW(251)
0001bf 2f24      	MOV  R18,R20
0001c0 5011      	SUBI R17,LOW(1)
0001c1 c001      	RJMP _0x200004D
                 _0x200004C:
0001c2 e320      	LDI  R18,LOW(48)
                 _0x200004D:
0001c3 c001      	RJMP _0x200004E
                 _0x200004B:
0001c4 e220      	LDI  R18,LOW(32)
                 _0x200004E:
0001c5 940e 032b 	CALL SUBOPT_0x2
0001c7 5051      	SUBI R21,LOW(1)
0001c8 cfef      	RJMP _0x2000048
                 _0x200004A:
                 _0x2000047:
0001c9 2f31      	MOV  R19,R17
0001ca ff01      	SBRS R16,1
0001cb c017      	RJMP _0x200004F
                 _0x2000050:
0001cc 3030      	CPI  R19,0
0001cd f0a1      	BREQ _0x2000052
0001ce ff03      	SBRS R16,3
0001cf c006      	RJMP _0x2000053
0001d0 81ee      	LDD  R30,Y+6
0001d1 81ff      	LDD  R31,Y+6+1
0001d2 9125      	LPM  R18,Z+
0001d3 83ee      	STD  Y+6,R30
0001d4 83ff      	STD  Y+6+1,R31
0001d5 c005      	RJMP _0x2000054
                 _0x2000053:
0001d6 81ae      	LDD  R26,Y+6
0001d7 81bf      	LDD  R27,Y+6+1
0001d8 912d      	LD   R18,X+
0001d9 83ae      	STD  Y+6,R26
0001da 83bf      	STD  Y+6+1,R27
                 _0x2000054:
0001db 940e 032b 	CALL SUBOPT_0x2
0001dd 3050      	CPI  R21,0
0001de f009      	BREQ _0x2000055
0001df 5051      	SUBI R21,LOW(1)
                 _0x2000055:
0001e0 5031      	SUBI R19,LOW(1)
0001e1 cfea      	RJMP _0x2000050
                 _0x2000052:
0001e2 c04b      	RJMP _0x2000056
                 _0x200004F:
                 _0x2000058:
0001e3 e320      	LDI  R18,LOW(48)
0001e4 81ee      	LDD  R30,Y+6
0001e5 81ff      	LDD  R31,Y+6+1
0001e6 940e 0380 	CALL __GETW1PF
0001e8 87e8      	STD  Y+8,R30
0001e9 87f9      	STD  Y+8+1,R31
0001ea 81ee      	LDD  R30,Y+6
0001eb 81ff      	LDD  R31,Y+6+1
0001ec 9632      	ADIW R30,2
0001ed 83ee      	STD  Y+6,R30
0001ee 83ff      	STD  Y+6+1,R31
                 _0x200005A:
0001ef 85e8      	LDD  R30,Y+8
0001f0 85f9      	LDD  R31,Y+8+1
0001f1 85aa      	LDD  R26,Y+10
0001f2 85bb      	LDD  R27,Y+10+1
0001f3 17ae      	CP   R26,R30
0001f4 07bf      	CPC  R27,R31
0001f5 f050      	BRLO _0x200005C
0001f6 5f2f      	SUBI R18,-LOW(1)
0001f7 85a8      	LDD  R26,Y+8
0001f8 85b9      	LDD  R27,Y+8+1
0001f9 85ea      	LDD  R30,Y+10
0001fa 85fb      	LDD  R31,Y+10+1
0001fb 1bea      	SUB  R30,R26
0001fc 0bfb      	SBC  R31,R27
0001fd 87ea      	STD  Y+10,R30
0001fe 87fb      	STD  Y+10+1,R31
0001ff cfef      	RJMP _0x200005A
                 _0x200005C:
000200 332a      	CPI  R18,58
000201 f028      	BRLO _0x200005D
000202 ff03      	SBRS R16,3
000203 c002      	RJMP _0x200005E
000204 5f29      	SUBI R18,-LOW(7)
000205 c001      	RJMP _0x200005F
                 _0x200005E:
000206 5d29      	SUBI R18,-LOW(39)
                 _0x200005F:
                 _0x200005D:
000207 fd04      	SBRC R16,4
000208 c01a      	RJMP _0x2000061
000209 3321      	CPI  R18,49
00020a f420      	BRSH _0x2000063
00020b 85a8      	LDD  R26,Y+8
00020c 85b9      	LDD  R27,Y+8+1
00020d 9711      	SBIW R26,1
00020e f409      	BRNE _0x2000062
                 _0x2000063:
00020f c009      	RJMP _0x20000CA
                 _0x2000062:
000210 1753      	CP   R21,R19
000211 f010      	BRLO _0x2000067
000212 ff00      	SBRS R16,0
000213 c001      	RJMP _0x2000068
                 _0x2000067:
000214 c013      	RJMP _0x2000066
                 _0x2000068:
000215 e220      	LDI  R18,LOW(32)
000216 ff07      	SBRS R16,7
000217 c00b      	RJMP _0x2000069
000218 e320      	LDI  R18,LOW(48)
                 _0x20000CA:
000219 6100      	ORI  R16,LOW(16)
00021a ff02      	SBRS R16,2
00021b c007      	RJMP _0x200006A
00021c 7f0b      	ANDI R16,LOW(251)
00021d 934a      	ST   -Y,R20
00021e 940e 0338 	CALL SUBOPT_0x4
000220 3050      	CPI  R21,0
000221 f009      	BREQ _0x200006B
000222 5051      	SUBI R21,LOW(1)
                 _0x200006B:
                 _0x200006A:
                 _0x2000069:
                 _0x2000061:
000223 940e 032b 	CALL SUBOPT_0x2
000225 3050      	CPI  R21,0
000226 f009      	BREQ _0x200006C
000227 5051      	SUBI R21,LOW(1)
                 _0x200006C:
                 _0x2000066:
000228 5031      	SUBI R19,LOW(1)
000229 85a8      	LDD  R26,Y+8
00022a 85b9      	LDD  R27,Y+8+1
00022b 9712      	SBIW R26,2
00022c f008      	BRLO _0x2000059
00022d cfb5      	RJMP _0x2000058
                 _0x2000059:
                 _0x2000056:
00022e ff00      	SBRS R16,0
00022f c008      	RJMP _0x200006D
                 _0x200006E:
000230 3050      	CPI  R21,0
000231 f031      	BREQ _0x2000070
000232 5051      	SUBI R21,LOW(1)
000233 e2e0      	LDI  R30,LOW(32)
000234 93ea      	ST   -Y,R30
000235 940e 0338 	CALL SUBOPT_0x4
000237 cff8      	RJMP _0x200006E
                 _0x2000070:
                 _0x200006D:
                 _0x2000071:
                 _0x2000030:
                 _0x20000C9:
000238 e010      	LDI  R17,LOW(0)
                 _0x200001B:
000239 cedd      	RJMP _0x2000016
                 _0x2000018:
00023a 85ac      	LDD  R26,Y+12
00023b 85bd      	LDD  R27,Y+12+1
00023c 940e 037c 	CALL __GETW1P
00023e 940e 0390 	CALL __LOADLOCR6
000240 9664      	ADIW R28,20
000241 9508      	RET
                 _sprintf:
000242 92ff      	PUSH R15
000243 2ef8      	MOV  R15,R24
000244 9726      	SBIW R28,6
000245 940e 038b 	CALL __SAVELOCR4
000247 940e 0350 	CALL SUBOPT_0x7
000249 9730      	SBIW R30,0
00024a f419      	BRNE _0x2000072
00024b efef      	LDI  R30,LOW(65535)
00024c efff      	LDI  R31,HIGH(65535)
00024d c023      	RJMP _0x2080002
                 _0x2000072:
00024e 01de      	MOVW R26,R28
00024f 9616      	ADIW R26,6
000250 940e 036f 	CALL __ADDW2R15
000252 018d      	MOVW R16,R26
000253 940e 0350 	CALL SUBOPT_0x7
000255 83ee      	STD  Y+6,R30
000256 83ff      	STD  Y+6+1,R31
000257 e0e0      	LDI  R30,LOW(0)
000258 87e8      	STD  Y+8,R30
000259 87e9      	STD  Y+8+1,R30
00025a 01de      	MOVW R26,R28
00025b 961a      	ADIW R26,10
00025c 940e 036f 	CALL __ADDW2R15
00025e 940e 037c 	CALL __GETW1P
000260 93fa      	ST   -Y,R31
000261 93ea      	ST   -Y,R30
000262 931a      	ST   -Y,R17
000263 930a      	ST   -Y,R16
000264 eceb      	LDI  R30,LOW(_put_buff_G100)
000265 e0f0      	LDI  R31,HIGH(_put_buff_G100)
000266 93fa      	ST   -Y,R31
000267 93ea      	ST   -Y,R30
000268 01de      	MOVW R26,R28
000269 961a      	ADIW R26,10
00026a dea0      	RCALL __print_G100
00026b 019f      	MOVW R18,R30
00026c 81ae      	LDD  R26,Y+6
00026d 81bf      	LDD  R27,Y+6+1
00026e e0e0      	LDI  R30,LOW(0)
00026f 93ec      	ST   X,R30
000270 01f9      	MOVW R30,R18
                 _0x2080002:
000271 940e 0392 	CALL __LOADLOCR4
000273 962a      	ADIW R28,10
000274 90ff      	POP  R15
000275 9508      	RET
                 	#ifndef __SLEEP_DEFINED__
                 	#endif
                 
                 	.DSEG
                 
                 	.CSEG
                 __lcd_write_nibble_G101:
000276 93aa      	ST   -Y,R26
000277 b3e2      	IN   R30,0x12
000278 70ef      	ANDI R30,LOW(0xF)
000279 2fae      	MOV  R26,R30
00027a 81e8      	LD   R30,Y
00027b 7fe0      	ANDI R30,LOW(0xF0)
00027c 2bea      	OR   R30,R26
00027d bbe2      	OUT  0x12,R30
                +
00027e e087     +LDI R24 , LOW ( 7 )
                +__DELAY_USB_LOOP :
00027f 958a     +DEC R24
000280 f7f1     +BRNE __DELAY_USB_LOOP
                 	__DELAY_USB 7
000281 9a92      	SBI  0x12,2
                +
000282 e182     +LDI R24 , LOW ( 18 )
                +__DELAY_USB_LOOP :
000283 958a     +DEC R24
000284 f7f1     +BRNE __DELAY_USB_LOOP
                 	__DELAY_USB 18
000285 9892      	CBI  0x12,2
                +
000286 e182     +LDI R24 , LOW ( 18 )
                +__DELAY_USB_LOOP :
000287 958a     +DEC R24
000288 f7f1     +BRNE __DELAY_USB_LOOP
                 	__DELAY_USB 18
000289 c077      	RJMP _0x2080001
                 __lcd_write_data:
00028a 93aa      	ST   -Y,R26
00028b 81a8      	LD   R26,Y
00028c dfe9      	RCALL __lcd_write_nibble_G101
00028d 81e8          ld    r30,y
00028e 95e2          swap  r30
00028f 83e8          st    y,r30
000290 81a8      	LD   R26,Y
000291 dfe4      	RCALL __lcd_write_nibble_G101
                +
000292 eb88     +LDI R24 , LOW ( 184 )
                +__DELAY_USB_LOOP :
000293 958a     +DEC R24
000294 f7f1     +BRNE __DELAY_USB_LOOP
                 	__DELAY_USB 184
000295 c06b      	RJMP _0x2080001
                 _lcd_gotoxy:
000296 93aa      	ST   -Y,R26
000297 81e8      	LD   R30,Y
000298 e0f0      	LDI  R31,0
000299 59e0      	SUBI R30,LOW(-__base_y_G101)
00029a 4ffe      	SBCI R31,HIGH(-__base_y_G101)
00029b 81e0      	LD   R30,Z
00029c 81a9      	LDD  R26,Y+1
00029d 0fae      	ADD  R26,R30
00029e dfeb      	RCALL __lcd_write_data
00029f 8079      	LDD  R7,Y+1
0002a0 8068      	LDD  R6,Y+0
0002a1 9622      	ADIW R28,2
0002a2 9508      	RET
                 _lcd_clear:
0002a3 e0a2      	LDI  R26,LOW(2)
0002a4 940e 0357 	CALL SUBOPT_0x8
0002a6 e0ac      	LDI  R26,LOW(12)
0002a7 dfe2      	RCALL __lcd_write_data
0002a8 e0a1      	LDI  R26,LOW(1)
0002a9 940e 0357 	CALL SUBOPT_0x8
0002ab e0e0      	LDI  R30,LOW(0)
0002ac 2e6e      	MOV  R6,R30
0002ad 2e7e      	MOV  R7,R30
0002ae 9508      	RET
                 _lcd_putchar:
0002af 93aa      	ST   -Y,R26
0002b0 81a8      	LD   R26,Y
0002b1 30aa      	CPI  R26,LOW(0xA)
0002b2 f011      	BREQ _0x2020005
0002b3 1479      	CP   R7,R9
0002b4 f048      	BRLO _0x2020004
                 _0x2020005:
0002b5 e0e0      	LDI  R30,LOW(0)
0002b6 93ea      	ST   -Y,R30
0002b7 9463      	INC  R6
0002b8 2da6      	MOV  R26,R6
0002b9 dfdc      	RCALL _lcd_gotoxy
0002ba 81a8      	LD   R26,Y
0002bb 30aa      	CPI  R26,LOW(0xA)
0002bc f409      	BRNE _0x2020007
0002bd c043      	RJMP _0x2080001
                 _0x2020007:
                 _0x2020004:
0002be 9473      	INC  R7
0002bf 9a90      	SBI  0x12,0
0002c0 81a8      	LD   R26,Y
0002c1 dfc8      	RCALL __lcd_write_data
0002c2 9890      	CBI  0x12,0
0002c3 c03d      	RJMP _0x2080001
                 _lcd_puts:
0002c4 93ba      	ST   -Y,R27
0002c5 93aa      	ST   -Y,R26
0002c6 931a      	ST   -Y,R17
                 _0x2020008:
0002c7 81a9      	LDD  R26,Y+1
0002c8 81ba      	LDD  R27,Y+1+1
0002c9 91ed      	LD   R30,X+
0002ca 83a9      	STD  Y+1,R26
0002cb 83ba      	STD  Y+1+1,R27
0002cc 2f1e      	MOV  R17,R30
0002cd 30e0      	CPI  R30,0
0002ce f019      	BREQ _0x202000A
0002cf 2fa1      	MOV  R26,R17
0002d0 dfde      	RCALL _lcd_putchar
0002d1 cff5      	RJMP _0x2020008
                 _0x202000A:
0002d2 8118      	LDD  R17,Y+0
0002d3 9623      	ADIW R28,3
0002d4 9508      	RET
                 _lcd_init:
0002d5 93aa      	ST   -Y,R26
0002d6 b3e1      	IN   R30,0x11
0002d7 6fe0      	ORI  R30,LOW(0xF0)
0002d8 bbe1      	OUT  0x11,R30
0002d9 9a8a      	SBI  0x11,2
0002da 9a88      	SBI  0x11,0
0002db 9a89      	SBI  0x11,1
0002dc 9892      	CBI  0x12,2
0002dd 9890      	CBI  0x12,0
0002de 9891      	CBI  0x12,1
0002df 8098      	LDD  R9,Y+0
0002e0 81e8      	LD   R30,Y
0002e1 58e0      	SUBI R30,-LOW(128)
                +
0002e2 93e0 0172+STS __base_y_G101 + ( 2 ) , R30
                 	__PUTB1MN __base_y_G101,2
0002e4 81e8      	LD   R30,Y
0002e5 54e0      	SUBI R30,-LOW(192)
                +
0002e6 93e0 0173+STS __base_y_G101 + ( 3 ) , R30
                 	__PUTB1MN __base_y_G101,3
0002e8 e1a4      	LDI  R26,LOW(20)
0002e9 e0b0      	LDI  R27,0
0002ea 940e 0365 	CALL _delay_ms
0002ec 940e 035d 	CALL SUBOPT_0x9
0002ee 940e 035d 	CALL SUBOPT_0x9
0002f0 940e 035d 	CALL SUBOPT_0x9
0002f2 e2a0      	LDI  R26,LOW(32)
0002f3 df82      	RCALL __lcd_write_nibble_G101
                +
0002f4 e184     +LDI R24 , LOW ( 276 )
0002f5 e091     +LDI R25 , HIGH ( 276 )
                +__DELAY_USW_LOOP :
0002f6 9701     +SBIW R24 , 1
0002f7 f7f1     +BRNE __DELAY_USW_LOOP
                 	__DELAY_USW 276
0002f8 e2a8      	LDI  R26,LOW(40)
0002f9 df90      	RCALL __lcd_write_data
0002fa e0a4      	LDI  R26,LOW(4)
0002fb df8e      	RCALL __lcd_write_data
0002fc e8a5      	LDI  R26,LOW(133)
0002fd df8c      	RCALL __lcd_write_data
0002fe e0a6      	LDI  R26,LOW(6)
0002ff df8a      	RCALL __lcd_write_data
000300 dfa2      	RCALL _lcd_clear
                 _0x2080001:
000301 9621      	ADIW R28,1
000302 9508      	RET
                 
                 	.CSEG
                 
                 	.CSEG
                 _strlen:
000303 93ba      	ST   -Y,R27
000304 93aa      	ST   -Y,R26
000305 91a9          ld   r26,y+
000306 91b9          ld   r27,y+
000307 27ee          clr  r30
000308 27ff          clr  r31
                 strlen0:
000309 916d          ld   r22,x+
00030a 2366          tst  r22
00030b f011          breq strlen1
00030c 9631          adiw r30,1
00030d cffb          rjmp strlen0
                 strlen1:
00030e 9508          ret
                 _strlenf:
00030f 93ba      	ST   -Y,R27
000310 93aa      	ST   -Y,R26
000311 27aa          clr  r26
000312 27bb          clr  r27
000313 91e9          ld   r30,y+
000314 91f9          ld   r31,y+
                 strlenf0:
000315 9005      	lpm  r0,z+
000316 2000          tst  r0
000317 f011          breq strlenf1
000318 9611          adiw r26,1
000319 cffb          rjmp strlenf0
                 strlenf1:
00031a 01fd          movw r30,r26
00031b 9508          ret
                 
                 	.DSEG
                 _lcd:
000160           	.BYTE 0x10
                 __base_y_G101:
000170           	.BYTE 0x4
                 
                 	.CSEG
                 ;OPTIMIZER ADDED SUBROUTINE, CALLED 2 TIMES, CODE SIZE REDUCTION:3 WORDS
                 SUBOPT_0x0:
00031c 940e 0384 	CALL __PUTPARD1
00031e e084      	LDI  R24,4
00031f 940e 0242 	CALL _sprintf
000321 9628      	ADIW R28,8
000322 e0e0      	LDI  R30,LOW(0)
000323 93ea      	ST   -Y,R30
000324 9508      	RET
                 
                 ;OPTIMIZER ADDED SUBROUTINE, CALLED 2 TIMES, CODE SIZE REDUCTION:1 WORDS
                 SUBOPT_0x1:
000325 940e 0296 	CALL _lcd_gotoxy
000327 e6a0      	LDI  R26,LOW(_lcd)
000328 e0b1      	LDI  R27,HIGH(_lcd)
000329 940c 02c4 	JMP  _lcd_puts
                 
                 ;OPTIMIZER ADDED SUBROUTINE, CALLED 5 TIMES, CODE SIZE REDUCTION:13 WORDS
                 SUBOPT_0x2:
00032b 932a      	ST   -Y,R18
00032c 85ad      	LDD  R26,Y+13
00032d 85be      	LDD  R27,Y+13+1
00032e 85ef      	LDD  R30,Y+15
00032f 89f8      	LDD  R31,Y+15+1
000330 9509      	ICALL
000331 9508      	RET
                 
                 ;OPTIMIZER ADDED SUBROUTINE, CALLED 5 TIMES, CODE SIZE REDUCTION:9 WORDS
                 SUBOPT_0x3:
000332 89e8      	LDD  R30,Y+16
000333 89f9      	LDD  R31,Y+16+1
000334 9734      	SBIW R30,4
000335 8be8      	STD  Y+16,R30
000336 8bf9      	STD  Y+16+1,R31
000337 9508      	RET
                 
                 ;OPTIMIZER ADDED SUBROUTINE, CALLED 3 TIMES, CODE SIZE REDUCTION:3 WORDS
                 SUBOPT_0x4:
000338 85ad      	LDD  R26,Y+13
000339 85be      	LDD  R27,Y+13+1
00033a 85ef      	LDD  R30,Y+15
00033b 89f8      	LDD  R31,Y+15+1
00033c 9509      	ICALL
00033d 9508      	RET
                 
                 ;OPTIMIZER ADDED SUBROUTINE, CALLED 2 TIMES, CODE SIZE REDUCTION:4 WORDS
                 SUBOPT_0x5:
00033e 89a8      	LDD  R26,Y+16
00033f 89b9      	LDD  R27,Y+16+1
000340 9614      	ADIW R26,4
000341 940e 037c 	CALL __GETW1P
000343 83ee      	STD  Y+6,R30
000344 83ff      	STD  Y+6+1,R31
000345 81ae      	LDD  R26,Y+6
000346 81bf      	LDD  R27,Y+6+1
000347 9508      	RET
                 
                 ;OPTIMIZER ADDED SUBROUTINE, CALLED 2 TIMES, CODE SIZE REDUCTION:2 WORDS
                 SUBOPT_0x6:
000348 89a8      	LDD  R26,Y+16
000349 89b9      	LDD  R27,Y+16+1
00034a 9614      	ADIW R26,4
00034b 940e 037c 	CALL __GETW1P
00034d 87ea      	STD  Y+10,R30
00034e 87fb      	STD  Y+10+1,R31
00034f 9508      	RET
                 
                 ;OPTIMIZER ADDED SUBROUTINE, CALLED 2 TIMES, CODE SIZE REDUCTION:1 WORDS
                 SUBOPT_0x7:
000350 01de      	MOVW R26,R28
000351 961c      	ADIW R26,12
000352 940e 036f 	CALL __ADDW2R15
000354 940e 037c 	CALL __GETW1P
000356 9508      	RET
                 
                 ;OPTIMIZER ADDED SUBROUTINE, CALLED 2 TIMES, CODE SIZE REDUCTION:3 WORDS
                 SUBOPT_0x8:
000357 940e 028a 	CALL __lcd_write_data
000359 e0a3      	LDI  R26,LOW(3)
00035a e0b0      	LDI  R27,0
00035b 940c 0365 	JMP  _delay_ms
                 
                 ;OPTIMIZER ADDED SUBROUTINE, CALLED 3 TIMES, CODE SIZE REDUCTION:7 WORDS
                 SUBOPT_0x9:
00035d e3a0      	LDI  R26,LOW(48)
00035e 940e 0276 	CALL __lcd_write_nibble_G101
                +
000360 e184     +LDI R24 , LOW ( 276 )
000361 e091     +LDI R25 , HIGH ( 276 )
                +__DELAY_USW_LOOP :
000362 9701     +SBIW R24 , 1
000363 f7f1     +BRNE __DELAY_USW_LOOP
                 	__DELAY_USW 276
000364 9508      	RET
                 
                 
                 	.CSEG
                 _delay_ms:
000365 9610      	adiw r26,0
000366 f039      	breq __delay_ms1
                 __delay_ms0:
                +
000367 ec8d     +LDI R24 , LOW ( 0xACD )
000368 e09a     +LDI R25 , HIGH ( 0xACD )
                +__DELAY_USW_LOOP :
000369 9701     +SBIW R24 , 1
00036a f7f1     +BRNE __DELAY_USW_LOOP
                 	__DELAY_USW 0xACD
00036b 95a8      	wdr
00036c 9711      	sbiw r26,1
00036d f7c9      	brne __delay_ms0
                 __delay_ms1:
00036e 9508      	ret
                 
                 __ADDW2R15:
00036f 2400      	CLR  R0
000370 0daf      	ADD  R26,R15
000371 1db0      	ADC  R27,R0
000372 9508      	RET
                 
                 __ANEGW1:
000373 95f1      	NEG  R31
000374 95e1      	NEG  R30
000375 40f0      	SBCI R31,0
000376 9508      	RET
                 
                 __CWD1:
000377 2f6f      	MOV  R22,R31
000378 0f66      	ADD  R22,R22
000379 0b66      	SBC  R22,R22
00037a 2f76      	MOV  R23,R22
00037b 9508      	RET
                 
                 __GETW1P:
00037c 91ed      	LD   R30,X+
00037d 91fc      	LD   R31,X
00037e 9711      	SBIW R26,1
00037f 9508      	RET
                 
                 __GETW1PF:
000380 9005      	LPM  R0,Z+
000381 91f4      	LPM  R31,Z
000382 2de0      	MOV  R30,R0
000383 9508      	RET
                 
                 __PUTPARD1:
000384 937a      	ST   -Y,R23
000385 936a      	ST   -Y,R22
000386 93fa      	ST   -Y,R31
000387 93ea      	ST   -Y,R30
000388 9508      	RET
                 
                 __SAVELOCR6:
000389 935a      	ST   -Y,R21
                 __SAVELOCR5:
00038a 934a      	ST   -Y,R20
                 __SAVELOCR4:
00038b 933a      	ST   -Y,R19
                 __SAVELOCR3:
00038c 932a      	ST   -Y,R18
                 __SAVELOCR2:
00038d 931a      	ST   -Y,R17
00038e 930a      	ST   -Y,R16
00038f 9508      	RET
                 
                 __LOADLOCR6:
000390 815d      	LDD  R21,Y+5
                 __LOADLOCR5:
000391 814c      	LDD  R20,Y+4
                 __LOADLOCR4:
000392 813b      	LDD  R19,Y+3
                 __LOADLOCR3:
000393 812a      	LDD  R18,Y+2
                 __LOADLOCR2:
000394 8119      	LDD  R17,Y+1
000395 8108      	LD   R16,Y
000396 9508      	RET
                 
                 ;END OF CODE MARKER
                 __END_OF_CODE:


RESOURCE USE INFORMATION
------------------------

Notice:
The register and instruction counts are symbol table hit counts,
and hence implicitly used resources are not counted, eg, the
'lpm' instruction without operands implicitly uses r0 and z,
none of which are counted.

x,y,z are separate entities in the symbol table and are
counted separately from r26..r31 here.

.dseg memory usage only counts static data declared with .byte

ATmega16 register use summary:
r0 :  11 r1 :   1 r2 :   0 r3 :   0 r4 :   3 r5 :   0 r6 :   4 r7 :   4 
r8 :   0 r9 :   2 r10:   0 r11:   0 r12:   0 r13:   0 r14:   0 r15:   4 
r16:  34 r17:  24 r18:  29 r19:   8 r20:   9 r21:  17 r22:  12 r23:   3 
r24:  23 r25:   5 r26:  98 r27:  37 r28:  14 r29:   1 r30: 205 r31:  67 
x  :  23 y  : 176 z  :  15 
Registers used: 26 out of 35 (74.3%)

ATmega16 instruction use summary:
.lds  :   0 .lds.l:   0 .sts  :   0 .sts.l:   0 adc   :   1 add   :   4 
adiw  :  25 and   :   0 andi  :   6 asr   :   0 bclr  :   0 bld   :   0 
brbc  :   0 brbs  :   0 brcc  :   0 brcs  :   0 break :   0 breq  :  17 
brge  :   0 brhc  :   0 brhs  :   0 brid  :   0 brie  :   0 brlo  :   8 
brlt  :   0 brmi  :   1 brne  :  30 brpl  :   1 brsh  :   2 brtc  :   0 
brts  :   0 brvc  :   0 brvs  :   0 bset  :   0 bst   :   0 call  :  55 
cbi   :   5 cbr   :   0 clc   :   0 clh   :   0 cli   :   1 cln   :   0 
clr   :  10 cls   :   0 clt   :   0 clv   :   0 clz   :   0 com   :   0 
cp    :   4 cpc   :   2 cpi   :  33 cpse  :   0 dec   :   5 des   :   0 
eor   :   0 fmul  :   0 fmuls :   0 fmulsu:   0 icall :   2 ijmp  :   0 
in    :   4 inc   :   2 jmp   :  27 ld    :  28 ldd   :  77 ldi   : 100 
lds   :   0 lpm   :  14 lsl   :   0 lsr   :   0 mov   :  19 movw  :  17 
mul   :   1 muls  :   0 mulsu :   0 neg   :   2 nop   :   0 or    :   1 
ori   :   7 out   :  45 pop   :   1 push  :   1 rcall :  14 ret   :  26 
reti  :   1 rjmp  :  56 rol   :   0 ror   :   0 sbc   :   2 sbci  :   2 
sbi   :   5 sbic  :   0 sbis  :   0 sbiw  :  19 sbr   :   0 sbrc  :   2 
sbrs  :  10 sec   :   0 seh   :   0 sei   :   1 sen   :   0 ser   :   0 
ses   :   0 set   :   0 sev   :   0 sez   :   0 sleep :   0 spm   :   0 
st    :  66 std   :  31 sts   :   2 sub   :   1 subi  :  16 swap  :   1 
tst   :   4 wdr   :   1 
Instructions used: 54 out of 116 (46.6%)

ATmega16 memory use summary [bytes]:
Segment   Begin    End      Code   Data   Used    Size   Use%
---------------------------------------------------------------
[.cseg] 0x000000 0x00072e   1800     38   1838   16384  11.2%
[.dseg] 0x000060 0x000174      0     20     20    1119   1.8%
[.eseg] 0x000000 0x000000      0      0      0     512   0.0%

Assembly complete, 0 errors, 5 warnings
